// Jest Snapshot v1, https://goo.gl/fbAQLP

exports[`<Input /> reders components correctly. 1`] = `
.c0 {
  font-size: 16px;
  text-align: center;
  width: 100%;
  border-radius: 8px;
  border: 1px solid #BDBDBD;
  outline: none;
  padding: 10px;
  margin-right: 10px;
}

<input
  class="c0"
  value="This is an input tag."
/>
`;
