// Jest Snapshot v1, https://goo.gl/fbAQLP

exports[`<App /> correctly renders components with empty todoList. 1`] = `
.c5 {
  text-align: center;
  cursor: pointer;
  padding: 10px 20px;
  border-radius: 8px;
  background-color: #304FFE;
}

.c5:hover {
  background-color: #1639FE;
}

.c5:active {
  box-shadow: inset 5px 5px 10px rgba(0,0,0,0.2);
}

.c6 {
  color: #FFFFFF;
  font-size: 16px;
}

.c4 {
  font-size: 16px;
  text-align: center;
  width: 100%;
  border-radius: 8px;
  border: 1px solid #BDBDBD;
  outline: none;
  padding: 10px;
  margin-right: 10px;
}

.c0 {
  min-height: 100vh;
  display: -webkit-box;
  display: -webkit-flex;
  display: -ms-flexbox;
  display: flex;
  -webkit-flex-direction: column;
  -ms-flex-direction: column;
  flex-direction: column;
  text-align: center;
  -webkit-box-pack: center;
  -webkit-justify-content: center;
  -ms-flex-pack: center;
  justify-content: center;
}

.c1 {
  display: -webkit-box;
  display: -webkit-flex;
  display: -ms-flexbox;
  display: flex;
  -webkit-flex-direction: column;
  -ms-flex-direction: column;
  flex-direction: column;
  -webkit-align-items: center;
  -webkit-box-align: center;
  -ms-flex-align: center;
  align-items: center;
  padding: 20px;
  border-radius: 8px;
  background-color: :#FFFFFF;
  box-shadow: 5px 5px 10px rgba(0,0,0,0.2);
}

.c2 {
  min-width: 350px;
  height: 400px;
  overflow: scroll;
  border: 1px solid #BDBDBD;
  border-radius: 8px;
  margin-bottom: 20px;
}

.c3 {
  display: -webkit-box;
  display: -webkit-flex;
  display: -ms-flexbox;
  display: flex;
}

<div>
  <div
    class="c0"
  >
    <div
      class="c1"
    >
      <div
        class="c2"
        data-testid="todoList"
      />
      <div
        class="c3"
      >
        <input
          class="c4"
          placeholder="Insert a new todo"
          value=""
        />
        <div
          class="c5"
        >
          <div
            class="c6"
          >
            Add
          </div>
        </div>
      </div>
    </div>
  </div>
</div>
`;
